    6 | 					slug: album.cover,
    7 | 					size: 'small',
>   8 | 					alt: album.title,
    9 | 					className: 'album-thumbnail__img'
   10 | 				%>