{
    "default": {
        "title": "Artem Sapeginâ€™s Blog",
        "author": "Artem Sapegin",
        "url": "http://blog.sapegin.me",
        "timezone": "Europe/Berlin",
        "root": "/"
    }
}
