{
    "layout": "post",
    "lang": "en",
    "title": "Read less tech books",
    "date": "Feb 20, 2014",
    "tags": ["thoughts", "something"],
    "sourcePath": "test/samples/markdown-with-frontmatter.html",
    "url": "/test/samples/markdown-with-frontmatter",
    "content": "\n<p>Vladimir Starkov <a href=\"http://vstarkov.com/monthbook/\">suggests</a> to read at least two technical books a month.</p>\n<p>Itâ€™s very important to be up-to-date with latest trends, especially in so fast changing industry as front-end development. But there are so many interesting subjects besides  programming languages and new frameworks.</p>\n"
}
