[{
    "previousUrl": null,
    "nextUrl": "/all/page/2",
    "sourcePath": "all",
    "documents": [{
        "title": "Post 1",
        "layout": "post",
        "sourcePath": "all/post1.md",
        "content": "<b>1</b>"
    }, {
        "title": "Post 2",
        "layout": "post",
        "sourcePath": "all/post2.md",
        "content": "<b>2</b>"
    }, {
        "title": "Post 3",
        "layout": "post",
        "sourcePath": "all/post3.md",
        "content": "<b>3</b>"
    }],
    "layout": "pagination",
    "url": "/all"
}, {
    "previousUrl": "/all",
    "nextUrl": "/all/page/3",
    "sourcePath": "all/page/2",
    "documents": [{
        "title": "Post 4",
        "layout": "post",
        "sourcePath": "all/post4.md",
        "content": "<b>4</b>"
    }, {
        "title": "Post 5",
        "layout": "post",
        "sourcePath": "all/post5.md",
        "content": "<b>5</b>"
    }, {
        "title": "Post 6",
        "layout": "post",
        "sourcePath": "all/post6.md",
        "content": "<b>6</b>"
    }],
    "layout": "pagination",
    "url": "/all/page/2"
}, {
    "previousUrl": "/all/page/2",
    "nextUrl": "/all/page/4",
    "sourcePath": "all/page/3",
    "documents": [{
        "title": "Post 7",
        "layout": "post",
        "sourcePath": "all/post7.md",
        "content": "<b>7</b>"
    }, {
        "title": "Post 8",
        "layout": "post",
        "sourcePath": "all/post8.md",
        "content": "<b>8</b>"
    }, {
        "title": "Post 9",
        "layout": "post",
        "sourcePath": "all/post9.md",
        "content": "<b>9</b>"
    }],
    "layout": "pagination",
    "url": "/all/page/3"
}, {
    "previousUrl": "/all/page/3",
    "nextUrl": null,
    "sourcePath": "all/page/4",
    "documents": [{
        "title": "Post 10",
        "layout": "post",
        "sourcePath": "all/post10.md",
        "content": "<b>10</b>"
    }],
    "layout": "pagination",
    "url": "/all/page/4"
}]
